###############################################################################
#
# IAR ELF Linker V8.50.1.245/W32 for ARM                  23/Feb/2021  09:52:41
# Copyright 2007-2020 IAR Systems AB.
#
#    Output file  =
#        C:\IAR\EK-TM4C1294_IAR8-master\Projects\aula1_teste\Debug\Exe\aula1_teste.out
#    Map file     =
#        C:\IAR\EK-TM4C1294_IAR8-master\Projects\aula1_teste\Debug\List\aula1_teste.map
#    Command line =
#        -f C:\Users\alexa\AppData\Local\Temp\EW1374.tmp
#        (C:\IAR\EK-TM4C1294_IAR8-master\Projects\aula1_teste\Debug\Exe\driverlib.a
#        C:\IAR\EK-TM4C1294_IAR8-master\Projects\aula1_teste\Debug\Obj\main.o
#        C:\IAR\EK-TM4C1294_IAR8-master\Projects\aula1_teste\Debug\Obj\startup_TM4C1294.o
#        C:\IAR\EK-TM4C1294_IAR8-master\Projects\aula1_teste\Debug\Obj\system_TM4C1294_TW.o
#        --no_out_extension -o
#        C:\IAR\EK-TM4C1294_IAR8-master\Projects\aula1_teste\Debug\Exe\aula1_teste.out
#        --map
#        C:\IAR\EK-TM4C1294_IAR8-master\Projects\aula1_teste\Debug\List\aula1_teste.map
#        --config "C:\Program Files (x86)\IAR Systems\Embedded Workbench
#        8.4\arm\config\linker\TexasInstruments\TM4C1294NC.icf" --semihosting
#        --entry __iar_program_start --vfe --text_out locale)
#
###############################################################################

*******************************************************************************
*** RUNTIME MODEL ATTRIBUTES
***

CppFlavor       = *
__SystemLibrary = DLib
__dlib_version  = 6


*******************************************************************************
*** HEAP SELECTION
***

The basic heap was selected because some modules are built with
size limitations (and not runtime checking), and --advanced_heap
was not specified.


*******************************************************************************
*** PLACEMENT SUMMARY
***

"A0":  place at address 0x0 { ro section .intvec };
"P1":  place in [from 0x0 to 0xf'ffff] { ro };
define block CSTACK with size = 32K, alignment = 8 { };
define block HEAP with size = 64K, alignment = 8 { };
"P2":  place in [from 0x2000'0000 to 0x2003'ffff] {
          rw, block CSTACK, block HEAP };

  Section   Kind         Address    Size  Object
  -------   ----         -------    ----  ------
"A0":                              0x3c0
  .intvec   ro code          0x0   0x3c0  startup_TM4C1294.o [1]
                         - 0x3c0   0x3c0

"P1":                              0x74c
  .text     ro code        0x3c0   0x29c  sysctl.o [3]
  .rodata   const          0x65c   0x1b0  sysctl.o [3]
  .text     ro code        0x80c   0x14e  gpio.o [3]
  .text     ro code        0x95a     0x2  startup_TM4C1294.o [1]
  .text     ro code        0x95c    0x80  main.o [1]
  .rodata   const          0x9dc    0x6c  sysctl.o [3]
  .rodata   const          0xa48    0x30  sysctl.o [3]
  .text     ro code        0xa78    0x2c  system_TM4C1294_TW.o [1]
  .text     ro code        0xaa4    0x1e  cmain.o [4]
  .text     ro code        0xac2     0x4  low_level_init.o [2]
  .text     ro code        0xac6     0x4  exit.o [2]
  .text     ro code        0xacc     0xa  cexit.o [4]
  .text     ro code        0xad8    0x14  exit.o [5]
  .text     ro code        0xaec    0x14  startup_TM4C1294.o [1]
  .text     ro code        0xb00     0xc  cstartup_M.o [4]
                         - 0xb0c   0x74c

"P2":                             0x8008
  .noinit   uninit   0x2000'0000     0x4  system_TM4C1294_TW.o [1]
  CSTACK             0x2000'0008  0x8000  <Block>
    CSTACK  uninit   0x2000'0008  0x8000  <Block tail>
                   - 0x2000'8008  0x8008

Unused ranges:

         From           To      Size
         ----           --      ----
        0xb0c     0xf'ffff  0xf'f4f4
  0x2000'8008  0x2003'ffff  0x3'7ff8



*******************************************************************************
*** MODULE SUMMARY
***

    Module                ro code  ro data  rw data
    ------                -------  -------  -------
command line/config:
    -----------------------------------------------
    Total:

C:\IAR\EK-TM4C1294_IAR8-master\Projects\aula1_teste\Debug\Obj: [1]
    main.o                    128
    startup_TM4C1294.o        982
    system_TM4C1294_TW.o       44                 4
    -----------------------------------------------
    Total:                  1'154                 4

dl7M_tln.a: [2]
    exit.o                      4
    low_level_init.o            4
    -----------------------------------------------
    Total:                      8

driverlib.a: [3]
    gpio.o                    334
    sysctl.o                  668      588
    -----------------------------------------------
    Total:                  1'002      588

rt7M_tl.a: [4]
    cexit.o                    10
    cmain.o                    30
    cstartup_M.o               12
    -----------------------------------------------
    Total:                     52

shb_l.a: [5]
    exit.o                     20
    -----------------------------------------------
    Total:                     20

    Gaps                        4
    Linker created                           32'768
---------------------------------------------------
    Grand Total:            2'240      588   32'772


*******************************************************************************
*** ENTRY LIST
***

Entry                       Address   Size  Type      Object
-----                       -------   ----  ----      ------
?main                         0xaa5         Code  Gb  cmain.o [4]
CSTACK$$Base            0x2000'0008          --   Gb  - Linker created -
CSTACK$$Limit           0x2000'8008          --   Gb  - Linker created -
GPIODirModeSet                0x80d   0x28  Code  Gb  gpio.o [3]
GPIOPadConfigSet              0x835  0x102  Code  Gb  gpio.o [3]
GPIOPinTypeGPIOOutput         0x93f    0xa  Code  Gb  gpio.o [3]
GPIOPinWrite                  0x937    0x8  Code  Gb  gpio.o [3]
Region$$Table$$Base             0x0          --   Gb  - Linker created -
Region$$Table$$Limit            0x0          --   Gb  - Linker created -
SysCtlClockFreqSet            0x421  0x1fc  Code  Gb  sysctl.o [3]
SysCtlPeripheralEnable        0x403    0x8  Code  Gb  sysctl.o [3]
SysCtlPeripheralReady         0x3e1    0x8  Code  Gb  sysctl.o [3]
SystemCoreClock         0x2000'0000    0x4  Data  Gb  system_TM4C1294_TW.o [1]
SystemInit                    0xa79   0x1a  Code  Gb  system_TM4C1294_TW.o [1]
_SysCtlMemTimingGet           0x3c1   0x20  Code  Lc  sysctl.o [3]
__Vectors                       0x0          --   Gb  startup_TM4C1294.o [1]
__Vectors_End                 0x3c0         Data  Gb  startup_TM4C1294.o [1]
__Vectors_Size {Abs}          0x3c0          --   Gb  startup_TM4C1294.o [1]
__cmain                       0xaa5         Code  Gb  cmain.o [4]
__exit                        0xad9   0x14  Code  Gb  exit.o [5]
__iar_init_vfp                0xaf5         Code  Wk  startup_TM4C1294.o [1]
__iar_program_start           0xb01         Code  Gb  cstartup_M.o [4]
__low_level_init              0xac3    0x4  Code  Gb  low_level_init.o [2]
__vector_table                  0x0         Data  Gb  startup_TM4C1294.o [1]
__vector_table_0x1c            0x1c         Data  Gb  startup_TM4C1294.o [1]
_call_main                    0xab1         Code  Gb  cmain.o [4]
_exit                         0xacd         Code  Gb  cexit.o [4]
_main                         0xabf         Code  Gb  cmain.o [4]
exit                          0xac7    0x4  Code  Gb  exit.o [2]
g_pppui32XTALtoVCO            0x65c  0x1b0  Data  Lc  sysctl.o [3]
g_pui32VCOFrequencies         0x654    0x8  Data  Lc  sysctl.o [3]
g_pui32Xtals                  0x9dc   0x6c  Data  Lc  sysctl.o [3]
g_sXTALtoMEMTIM               0xa48   0x30  Data  Lc  sysctl.o [3]
main                          0x95d   0x80  Code  Gb  main.o [1]


[1] = C:\IAR\EK-TM4C1294_IAR8-master\Projects\aula1_teste\Debug\Obj
[2] = dl7M_tln.a
[3] = driverlib.a
[4] = rt7M_tl.a
[5] = shb_l.a

   2'240 bytes of readonly  code memory
     588 bytes of readonly  data memory
  32'772 bytes of readwrite data memory

Errors: none
Warnings: none
